#!python
cubit.cmd('open "/home/pchaugule/packages/srlife/examples/CARES-manual/3D/MOOSE_input/model.cub5"')
cubit.cmd('reset')
cubit.cmd('create curve arc vertex 1 2 radius 25.6 normal  other_arc ')
cubit.cmd('create curve arc vertex 1 2 radius 25.6 normal 0,0,0  other_arc  preview')
cubit.cmd('create curve arc vertex 1 2 radius 25.6 normal 0,0,0  other_arc ')
cubit.cmd('create curve arc radius 25.6 center location 0,0,0 normal  start angle 0 stop angle 90 ')
cubit.cmd('create curve arc radius 25.6 center location 0,0,0 normal 1,1,1 start angle 0 stop angle 90 ')
cubit.cmd('undo group begin')
cubit.cmd('sweep surface 1 along curve 1   keep  individual ')
cubit.cmd('delete curve 1 ')
cubit.cmd('undo group end')
cubit.cmd('create sphere radius 25.6 ')
cubit.cmd('create pyramid height 1.8 sides 2 radius 25.6 top 2 ')
cubit.cmd('delete Volume 1')
cubit.cmd('create pyramid height 1.8 sides 2 radius 25.6 top 2 ')
cubit.cmd('undo group begin')
cubit.cmd('sweep surface 10 along curve 1   keep  individual ')
cubit.cmd('delete curve 1 ')
cubit.cmd('undo group end')
cubit.cmd('create curve arc  three vertex (0,0,0),(25.6,0,0,(0,0,25.6) ')
cubit.cmd('create curve arc  three vertex (0,0,0),(25.6,0,0),(0,0,25.6) ')
cubit.cmd('help create arc curve')
