#!python
cubit.cmd('create Cylinder height 1.8 radius 25.6 ')
cubit.cmd('webcut volume 1  with general plane zplane  ')
cubit.cmd('undo')
cubit.cmd('webcut body 1 with plane xplane offset 0 ')
cubit.cmd('webcut body 1 with plane yplane offset 0 ')
cubit.cmd('delete volume 1  ')
cubit.cmd('delete volume 2  ')
cubit.cmd('curve 27 24  interval 27 preview')
cubit.cmd('curve 27 24  scheme bias ')
cubit.cmd('curve 27 24 23  interval 27 preview')
cubit.cmd('curve 27 24 23  scheme bias ')
cubit.cmd('mesh curve 27 24 23 ')
cubit.cmd('undo group begin')
cubit.cmd('volume 3  size auto factor 6')
cubit.cmd('mesh volume 3 ')
cubit.cmd('undo group end')
cubit.cmd('curve 27 24 23  interval 18 preview')
cubit.cmd('curve 27 24 23  scheme bias factor 2')
cubit.cmd('delete mesh curve 27 24 23  propagate')
cubit.cmd('curve 27 24 23  interval 18 preview')
cubit.cmd('curve 27 24 23  scheme bias factor 2')
cubit.cmd('mesh curve 27 24 23 ')
cubit.cmd('curve 27 24 23  interval 18 preview')
cubit.cmd('curve 27 24 23  scheme bias factor 1.59')
cubit.cmd('delete mesh curve 27 24 23  propagate')
cubit.cmd('curve 27 24 23  interval 18 preview')
cubit.cmd('curve 27 24 23  scheme bias factor 1.59')
cubit.cmd('mesh curve 27 24 23 ')
cubit.cmd('curve 27 24 23  interval 10')
cubit.cmd('curve 27 24 23  scheme bias factor 1.08')
cubit.cmd('delete mesh curve 27 24 23  propagate')
cubit.cmd('curve 27 24 23  interval 10')
cubit.cmd('curve 27 24 23  scheme bias factor 1.08')
cubit.cmd('mesh curve 27 24 23 ')
cubit.cmd('undo group begin')
cubit.cmd('volume 3  size auto factor 6')
cubit.cmd('mesh volume 3 ')
cubit.cmd('undo group end')
cubit.cmd('volume 3  size auto factor 6')
cubit.cmd('undo group begin')
cubit.cmd('volume 3  size auto factor 6')
cubit.cmd('mesh volume 3 ')
cubit.cmd('undo group end')
cubit.cmd('delete mesh volume 1 propagate')
cubit.cmd('delete mesh volume 3  propagate')
cubit.cmd('webcut body 3 with cylinder radius 1 axis z center 0,0,0  ')
cubit.cmd('delete volume 4  ')
cubit.cmd('undo')
